running develop
running egg_info
creating patrol_robot.egg-info
writing patrol_robot.egg-info/PKG-INFO
writing dependency_links to patrol_robot.egg-info/dependency_links.txt
writing entry points to patrol_robot.egg-info/entry_points.txt
writing requirements to patrol_robot.egg-info/requires.txt
writing top-level names to patrol_robot.egg-info/top_level.txt
writing manifest file 'patrol_robot.egg-info/SOURCES.txt'
reading manifest file 'patrol_robot.egg-info/SOURCES.txt'
writing manifest file 'patrol_robot.egg-info/SOURCES.txt'
running build_ext
Creating /home/xrq/ros2_ws/install/patrol_robot/lib/python3.10/site-packages/patrol-robot.egg-link (link to .)
Installing base_driver_sim script to /home/xrq/ros2_ws/install/patrol_robot/lib/patrol_robot
Installing cmd_vel_monitor script to /home/xrq/ros2_ws/install/patrol_robot/lib/patrol_robot
Installing fake_laser_publisher script to /home/xrq/ros2_ws/install/patrol_robot/lib/patrol_robot
Installing obstacle_avoidance script to /home/xrq/ros2_ws/install/patrol_robot/lib/patrol_robot
Installing patrol_controller script to /home/xrq/ros2_ws/install/patrol_robot/lib/patrol_robot

Installed /home/xrq/ros2_ws/build/patrol_robot
running symlink_data
creating /home/xrq/ros2_ws/install/patrol_robot/share/ament_index
creating /home/xrq/ros2_ws/install/patrol_robot/share/ament_index/resource_index
creating /home/xrq/ros2_ws/install/patrol_robot/share/ament_index/resource_index/packages
symbolically linking /home/xrq/ros2_ws/build/patrol_robot/resource/patrol_robot -> /home/xrq/ros2_ws/install/patrol_robot/share/ament_index/resource_index/packages
symbolically linking /home/xrq/ros2_ws/build/patrol_robot/package.xml -> /home/xrq/ros2_ws/install/patrol_robot/share/patrol_robot
creating /home/xrq/ros2_ws/install/patrol_robot/share/patrol_robot/launch
symbolically linking /home/xrq/ros2_ws/build/patrol_robot/launch/patrol_robot.launch.py -> /home/xrq/ros2_ws/install/patrol_robot/share/patrol_robot/launch
creating /home/xrq/ros2_ws/install/patrol_robot/share/patrol_robot/config
symbolically linking /home/xrq/ros2_ws/build/patrol_robot/config/params.yaml -> /home/xrq/ros2_ws/install/patrol_robot/share/patrol_robot/config
